
ASEM-51 V1.3                                         Copyright (c) 2002 by W.W. Heinz                                         PAGE 1





       MCS-51 Family Macro Assembler   A S E M - 5 1   V 1.3
       =====================================================



	Source File:	demo3_advance.ASM
	Object File:	demo3_advance.hex
	List File:	demo3_advance.lst



 Line  I  Addr  Code            Source

    1:				;====================================================================
    2:				; 实验名称：LED数码管显示与按钮输入 (修正版)
    3:				; 硬件映射：
    4:				;   数据总线：P2.0 - P2.7  -> 接 74HC573 输入 (D0-D7)
    5:				;   段选控制：P3.0         -> 接 段码锁存器 LE (上方的573)
    6:				;   位选控制：P3.1         -> 接 位码锁存器 LE (下方的573)
    7:				;   按键输入：P3.2         -> 接 按钮公共端 (INT0)
    8:				;====================================================================
    9:
   10:				;--- 定义变量与引脚 ---
   11:		B	 B0	SEG_LE      BIT P3.0        ; 段锁存使能 (根据原理图修改)
   12:		B	 B1	BIT_LE      BIT P3.1        ; 位锁存使能 (根据原理图修改)
   13:		B	 B2	KEY_IN      BIT P3.2        ; 按键输入
   14:
   15:		N      0030	DISP_BUF    EQU 30H         ; 显示缓冲区起始地址 (30H-37H)
   16:
   17:				;--- 程序入口 ---
   18:		N      0000	ORG 0000H
   19:	  0000	02 00 30	    LJMP MAIN
   20:
   21:				;--- 主程序 ---
   22:		N      0030	ORG 0030H
   23:	  0030			MAIN:
   24:	  0030	75 81 60	    MOV SP, #60H            ; 初始化堆栈
   25:	  0033	12 00 3B	    CALL INIT_BUFFER        ; 初始化显示内容 "HELLO-- "
   26:
   27:	  0036			MAIN_LOOP:
   28:	  0036	12 00 54	    CALL DISPLAY_SCAN       ; 循环调用扫描
   29:	  0039	80 FB		    SJMP MAIN_LOOP
   30:
   31:				;--------------------------------------------------------------------
   32:				; 子程序：初始化显示缓冲区
   33:				; 内容：H E L L O - - (空格)
   34:				;--------------------------------------------------------------------
   35:	  003B			INIT_BUFFER:
   36:	  003B	75 30 0A	    MOV 30H, #10            ; H
   37:	  003E	75 31 0B	    MOV 31H, #11            ; E
   38:	  0041	75 32 0C	    MOV 32H, #12            ; L
   39:	  0044	75 33 0C	    MOV 33H, #12            ; L
   40:	  0047	75 34 00	    MOV 34H, #00            ; O (用0代替)
   41:	  004A	75 35 0D	    MOV 35H, #13            ; -
   42:	  004D	75 36 0D	    MOV 36H, #13            ; -
   43:	  0050	75 37 0E	    MOV 37H, #14            ; 空格

ASEM-51 V1.3                                         Copyright (c) 2002 by W.W. Heinz                                         PAGE 2



 Line  I  Addr  Code            Source

   44:	  0053	22		    RET
   45:
   46:				;--------------------------------------------------------------------
   47:				; 子程序：显示扫描与按键检测
   48:				;--------------------------------------------------------------------
   49:	  0054			DISPLAY_SCAN:
   50:	  0054	78 30		    MOV R0, #DISP_BUF       ; R0指向缓冲区
   51:	  0056	79 FE		    MOV R1, #0FEH           ; 位扫描初值 (1111 1110)
   52:	  0058	7A 00		    MOV R2, #0              ; 键号计数器 (0-7)
   53:
   54:	  005A			SCAN_LOOP:
   55:				    ; 1. 送位选码 (选择哪一位显示，同时拉低对应的按键列线)
   56:	  005A	89 A0		    MOV P2, R1              ; 【修改】数据送 P2 口
   57:	  005C	D2 B1		    SETB BIT_LE             ; 打开位锁存
   58:	  005E	C2 B1		    CLR  BIT_LE             ; 锁存位码
   59:
   60:				    ; 2. 按键检测 (检测 P3.2 是否被当前列的低电平拉低)
   61:	  0060	20 B2 0C	    JB KEY_IN, NO_KEY       ; 若 P3.2 为高，说明无键按下，跳过
   62:
   63:				    ; --- 按键处理 ---
   64:	  0063	12 00 E3	    CALL DELAY_SMALL        ; 消抖
   65:	  0066	20 B2 06	    JB KEY_IN, NO_KEY       ; 再次确认
   66:
   67:	  0069	12 00 8D	    CALL SHIFT_DISPLAY      ; 移位并存入新键号(R2)
   68:	  006C	12 00 A5	    CALL WAIT_KEY_UP        ; 等待按键释放
   69:				    ; ---------------
   70:
   71:	  006F			NO_KEY:
   72:				    ; 3. 送段选码 (显示字符)
   73:	  006F	E6		    MOV A, @R0              ; 取显示内容索引
   74:	  0070	90 00 EC	    MOV DPTR, #SEG_TABLE    ; 查表
   75:	  0073	93		    MOVC A, @A+DPTR
   76:	  0074	F5 A0		    MOV P2, A               ; 【修改】数据送 P2 口
   77:	  0076	D2 B0		    SETB SEG_LE             ; 打开段锁存
   78:	  0078	C2 B0		    CLR  SEG_LE             ; 锁存段码
   79:
   80:				    ; 4. 延时显示
   81:	  007A	12 00 DE	    CALL DELAY_SCAN
   82:
   83:				    ; 5. 消隐 (防止拖影)
   84:	  007D	75 A0 00	    MOV P2, #00H            ; 【修改】关断所有段
   85:	  0080	D2 B0		    SETB SEG_LE
   86:	  0082	C2 B0		    CLR  SEG_LE
   87:
   88:				    ; 6. 准备下一位
   89:	  0084	08		    INC R0                  ; 指向下一个显存单元
   90:	  0085	E9		    MOV A, R1
   91:	  0086	23		    RL A                    ; 位码左移
   92:	  0087	F9		    MOV R1, A
   93:	  0088	0A		    INC R2                  ; 键号加1
   94:
   95:	  0089	BA 08 CE	    CJNE R2, #8, SCAN_LOOP  ; 扫完8位则结束
   96:	  008C	22		    RET
   97:
   98:				;--------------------------------------------------------------------
   99:				; 子程序：移位处理

ASEM-51 V1.3                                         Copyright (c) 2002 by W.W. Heinz                                         PAGE 3



 Line  I  Addr  Code            Source

  100:				; 功能：缓冲区左移，新键值 R2 存入最右侧 (37H)
  101:				;--------------------------------------------------------------------
  102:	  008D			SHIFT_DISPLAY:
  103:	  008D	85 31 30	    MOV 30H, 31H
  104:	  0090	85 32 31	    MOV 31H, 32H
  105:	  0093	85 33 32	    MOV 32H, 33H
  106:	  0096	85 34 33	    MOV 33H, 34H
  107:	  0099	85 35 34	    MOV 34H, 35H
  108:	  009C	85 36 35	    MOV 35H, 36H
  109:	  009F	85 37 36	    MOV 36H, 37H
  110:	  00A2	8A 37		    MOV 37H, R2             ; 新按键值存入最后一位
  111:	  00A4	22		    RET
  112:
  113:				;--------------------------------------------------------------------
  114:				; 子程序：等待按键释放
  115:				; 等待过程中必须持续刷新显示，否则数码管会闪烁或熄灭
  116:				;--------------------------------------------------------------------
  117:	  00A5			WAIT_KEY_UP:
  118:	  00A5	C0 00		    PUSH 00H
  119:	  00A7	C0 01		    PUSH 01H
  120:	  00A9	C0 02		    PUSH 02H
  121:
  122:	  00AB			WAIT_LOOP:
  123:	  00AB	20 B2 29	    JB KEY_IN, WAIT_EXIT    ; 按键释放(变为高电平)则退出
  124:
  125:				    ; 简单的显示刷新循环 (不检测按键)
  126:	  00AE	78 30		    MOV R0, #DISP_BUF
  127:	  00B0	79 FE		    MOV R1, #0FEH
  128:	  00B2	7A 08		    MOV R2, #8
  129:	  00B4			REFRESH_LOOP:
  130:				    ; 送位
  131:	  00B4	89 A0		    MOV P2, R1              ; 【修改】P2
  132:	  00B6	D2 B1		    SETB BIT_LE
  133:	  00B8	C2 B1		    CLR  BIT_LE
  134:				    ; 送段
  135:	  00BA	E6		    MOV A, @R0
  136:	  00BB	90 00 EC	    MOV DPTR, #SEG_TABLE
  137:	  00BE	93		    MOVC A, @A+DPTR
  138:	  00BF	F5 A0		    MOV P2, A               ; 【修改】P2
  139:	  00C1	D2 B0		    SETB SEG_LE
  140:	  00C3	C2 B0		    CLR  SEG_LE
  141:				    ; 延时
  142:	  00C5	12 00 DE	    CALL DELAY_SCAN
  143:				    ; 消隐
  144:	  00C8	75 A0 00	    MOV P2, #00H            ; 【修改】P2
  145:	  00CB	D2 B0		    SETB SEG_LE
  146:	  00CD	C2 B0		    CLR  SEG_LE
  147:				    ; 下一位
  148:	  00CF	08		    INC R0
  149:	  00D0	E9		    MOV A, R1
  150:	  00D1	23		    RL A
  151:	  00D2	F9		    MOV R1, A
  152:	  00D3	DA DF		    DJNZ R2, REFRESH_LOOP
  153:
  154:	  00D5	80 D4		    SJMP WAIT_LOOP
  155:

ASEM-51 V1.3                                         Copyright (c) 2002 by W.W. Heinz                                         PAGE 4



 Line  I  Addr  Code            Source

  156:	  00D7			WAIT_EXIT:
  157:	  00D7	D0 02		    POP 02H
  158:	  00D9	D0 01		    POP 01H
  159:	  00DB	D0 00		    POP 00H
  160:	  00DD	22		    RET
  161:
  162:				;--------------------------------------------------------------------
  163:				; 延时子程序
  164:				;--------------------------------------------------------------------
  165:	  00DE			DELAY_SCAN:                 ; 扫描延时 (~1ms)
  166:	  00DE	7B C8		    MOV R3, #200
  167:	  00E0	DB FE		    DJNZ R3, $
  168:	  00E2	22		    RET
  169:
  170:	  00E3			DELAY_SMALL:                ; 消抖延时 (~10ms)
  171:	  00E3	7B 14		    MOV R3, #20
  172:	  00E5	7C F8		D1: MOV R4, #248
  173:	  00E7	DC FE		    DJNZ R4, $
  174:	  00E9	DB FA		    DJNZ R3, D1
  175:	  00EB	22		    RET
  176:
  177:				;--------------------------------------------------------------------
  178:				; 段码表 (共阴极)
  179:				;--------------------------------------------------------------------
  180:	  00EC			SEG_TABLE:
  181:	  00EC	3F		    DB 3FH  ; 0
  182:	  00ED	06		    DB 06H  ; 1
  183:	  00EE	5B		    DB 5BH  ; 2
  184:	  00EF	4F		    DB 4FH  ; 3
  185:	  00F0	66		    DB 66H  ; 4
  186:	  00F1	6D		    DB 6DH  ; 5
  187:	  00F2	7D		    DB 7DH  ; 6
  188:	  00F3	07		    DB 07H  ; 7
  189:	  00F4	7F		    DB 7FH  ; 8
  190:	  00F5	6F		    DB 6FH  ; 9
  191:	  00F6	76		    DB 76H  ; 10 (H)
  192:	  00F7	79		    DB 79H  ; 11 (E)
  193:	  00F8	38		    DB 38H  ; 12 (L)
  194:	  00F9	40		    DB 40H  ; 13 (-)
  195:	  00FA	00		    DB 00H  ; 14 (空格)
  196:
  197:				END





                     register banks used:  ---

                     no errors




ASEM-51 V1.3                                         Copyright (c) 2002 by W.W. Heinz                                         PAGE 5





	       L I S T   O F   S Y M B O L S
	       =============================


SYMBOL				  TYPE     VALUE	LINE
------------------------------------------------------------
??ASEM_51			  NUMBER    8051
??VERSION			  NUMBER    0130
AC				  BIT	      D6
ACC				  DATA	      E0
B				  DATA	      F0
BIT_LE				  BIT	      B1	  12
CY				  BIT	      D7
D1				  CODE	    00E5	 172
DELAY_SCAN			  CODE	    00DE	 165
DELAY_SMALL			  CODE	    00E3	 170
DISPLAY_SCAN			  CODE	    0054	  49
DISP_BUF			  NUMBER    0030	  15
DPH				  DATA	      83
DPL				  DATA	      82
EA				  BIT	      AF
ES				  BIT	      AC
ET0				  BIT	      A9
ET1				  BIT	      AB
EX0				  BIT	      A8
EX1				  BIT	      AA
EXTI0				  CODE	    0003
EXTI1				  CODE	    0013
F0				  BIT	      D5
IE				  DATA	      A8
IE0				  BIT	      89
IE1				  BIT	      8B
INIT_BUFFER			  CODE	    003B	  35
INT0				  BIT	      B2
INT1				  BIT	      B3
IP				  DATA	      B8
IT0				  BIT	      88
IT1				  BIT	      8A
KEY_IN				  BIT	      B2	  13
MAIN				  CODE	    0030	  23
MAIN_LOOP			  CODE	    0036	  27
NO_KEY				  CODE	    006F	  71
OV				  BIT	      D2
P				  BIT	      D0
P0				  DATA	      80
P1				  DATA	      90
P2				  DATA	      A0
P3				  DATA	      B0
PCON				  DATA	      87
PS				  BIT	      BC
PSW				  DATA	      D0
PT0				  BIT	      B9
PT1				  BIT	      BB
PX0				  BIT	      B8
PX1				  BIT	      BA
RB8				  BIT	      9A

ASEM-51 V1.3                                         Copyright (c) 2002 by W.W. Heinz                                         PAGE 6



SYMBOL				  TYPE     VALUE	LINE
------------------------------------------------------------
RD				  BIT	      B7
REFRESH_LOOP			  CODE	    00B4	 129
REN				  BIT	      9C
RESET				  CODE	    0000
RI				  BIT	      98
RS0				  BIT	      D3
RS1				  BIT	      D4
RXD				  BIT	      B0
SBUF				  DATA	      99
SCAN_LOOP			  CODE	    005A	  54
SCON				  DATA	      98
SEG_LE				  BIT	      B0	  11
SEG_TABLE			  CODE	    00EC	 180
SHIFT_DISPLAY			  CODE	    008D	 102
SINT				  CODE	    0023
SM0				  BIT	      9F
SM1				  BIT	      9E
SM2				  BIT	      9D
SP				  DATA	      81
T0				  BIT	      B4
T1				  BIT	      B5
TB8				  BIT	      9B
TCON				  DATA	      88
TF0				  BIT	      8D
TF1				  BIT	      8F
TH0				  DATA	      8C
TH1				  DATA	      8D
TI				  BIT	      99
TIMER0				  CODE	    000B
TIMER1				  CODE	    001B
TL0				  DATA	      8A
TL1				  DATA	      8B
TMOD				  DATA	      89
TR0				  BIT	      8C
TR1				  BIT	      8E
TXD				  BIT	      B1
WAIT_EXIT			  CODE	    00D7	 156
WAIT_KEY_UP			  CODE	    00A5	 117
WAIT_LOOP			  CODE	    00AB	 122
WR				  BIT	      B6
